
 Start  Stop   Length Name                   Class
 00000H 02708H 02709H LAPI_TEXT              CODE
 0270AH 042F4H 01BEBH LAUXLIB_TEXT           CODE
 042F6H 052BEH 00FC9H LBASELIB_TEXT          CODE
 052C0H 0585BH 0059CH LBITLIB_TEXT           CODE
 0585CH 07739H 01EDEH LCODE_TEXT             CODE
 0773AH 07BD3H 0049AH LCOROLIB_TEXT          CODE
 07BD4H 07BD4H 00000H LCTYPE_TEXT            CODE
 07BD4H 08BE3H 01010H LDBLIB_TEXT            CODE
 08BE4H 09F9DH 013BAH LDEBUG_TEXT            CODE
 09F9EH 0B7BFH 01822H LDO_TEXT               CODE
 0B7C0H 0BCF6H 00537H LDUMP_TEXT             CODE
 0BCF8H 0C379H 00682H LFUNC_TEXT             CODE
 0C37AH 0E668H 022EFH LGC_TEXT               CODE
 0E66AH 0E745H 000DCH LINIT_TEXT             CODE
 0E746H 0FABAH 01375H LIOLIB_TEXT            CODE
 0FABCH 113CFH 01914H LLEX_TEXT              CODE
 113D0H 11E93H 00AC4H LMATHLIB_TEXT          CODE
 11E94H 12027H 00194H LMEM_TEXT              CODE
 12028H 12FCCH 00FA5H LOADLIB_TEXT           CODE
 12FCEH 139BFH 009F2H LOBJECT_TEXT           CODE
 139C0H 139C0H 00000H LOPCODES_TEXT          CODE
 139C0H 142EFH 00930H LOSLIB_TEXT            CODE
 142F0H 17C24H 03935H LPARSER_TEXT           CODE
 17C26H 18405H 007E0H LSTATE_TEXT            CODE
 18406H 1887DH 00478H LSTRING_TEXT           CODE
 1887EH 1ACB7H 0243AH LSTRLIB_TEXT           CODE
 1ACB8H 1BFD9H 01322H LTABLE_TEXT            CODE
 1BFDAH 1C922H 00949H LTABLIB_TEXT           CODE
 1C924H 1CA62H 0013FH LTM_TEXT               CODE
 1CA64H 1DAD8H 01075H LUA_TEXT               CODE
 1DADAH 1E4D6H 009FDH LUNDUMP_TEXT           CODE
 1E4D8H 21B92H 036BBH LVM_TEXT               CODE
 21B94H 21D17H 00184H LZIO_TEXT              CODE
 21D18H 21D34H 0001DH FLTUSED_TEXT           CODE
 21D40H 23B0DH 01DCEH DOUBLE_TEXT            CODE
 23B0EH 23B9DH 00090H FFLUSH_TEXT            CODE
 23B9EH 23BCAH 0002DH IOB_TEXT               CODE
 23BCCH 245BAH 009EFH PRINTF_TEXT            CODE
 245C0H 245C4H 00005H REALLOC_TEXT           CODE
 245D0H 245D4H 00005H FREE_TEXT              CODE
 245D6H 24742H 0016DH STRSTR_TEXT            CODE
 24750H 24AC8H 00379H STRINGS_TEXT           CODE
 24ACAH 24B90H 000C7H FCLOSE_TEXT            CODE
 24B92H 24BC3H 00032H FREOPEN_TEXT           CODE
 24BC4H 24C06H 00043H FOPEN_TEXT             CODE
 24C10H 24CE9H 000DAH FPUTC_TEXT             CODE
 24CEAH 24D35H 0004CH STRERROR_TEXT          CODE
 24D40H 24E36H 000F7H CINIT_TEXT             CODE
 24E38H 24F95H 0015EH FREAD_TEXT             CODE
 24F96H 25004H 0006FH STRSPN_TEXT            CODE
 25006H 25006H 00000H CTYPE_TEXT             CODE
 25006H 25154H 0014FH FWRITE_TEXT            CODE
 25160H 251C6H 00067H ATOI_TEXT              CODE
 251C8H 2524CH 00085H FGETS_TEXT             CODE
 25250H 252B9H 0006AH JMP_TEXT               CODE
 252BAH 254CAH 00211H SIGNAL_TEXT            CODE
 254D0H 255DAH 0010BH LMATH_TEXT             CODE
 255DCH 25930H 00355H FLUSH_TEXT             CODE
 25932H 25BB4H 00283H UNGETC_TEXT            CODE
 25BB6H 26762H 00BADH SCANF_TEXT             CODE
 26764H 2688AH 00127H TMPNAM_TEXT            CODE
 2688CH 268C1H 00036H LCONV_TEXT             CODE
 268C2H 268F8H 00037H RAND_TEXT              CODE
 268FAH 272EAH 009F1H ROUND_TEXT             CODE
 272ECH 2752DH 00242H EXP_TEXT               CODE
 2752EH 279F1H 004C4H LOG_TEXT               CODE
 279F2H 28630H 00C3FH POW_TEXT               CODE
 28632H 288ACH 0027BH SQRT_TEXT              CODE
 288AEH 28E76H 005C9H ATAN_TEXT              CODE
 28E78H 293D6H 0055FH ASIN_TEXT              CODE
 293D8H 29B90H 007B9H HYPER_TEXT             CODE
 29B92H 29F0AH 00379H TAN_TEXT               CODE
 29F0CH 2A3DDH 004D2H SIN_TEXT               CODE
 2A3DEH 2A410H 00033H IEEE_TEXT              CODE
 2A420H 2A46FH 00050H GETENV_TEXT            CODE
 2A470H 2AAA3H 00634H STRTOD_TEXT            CODE
 2AAA4H 2AB03H 00060H STRPBRK_TEXT           CODE
 2AB04H 2AB90H 0008DH EXIT_TEXT              CODE
 2AB92H 2AD44H 001B3H SETLC_TEXT             CODE
 2AD46H 2AD5BH 00016H TIME3_TEXT             CODE
 2AD5CH 2B544H 007E9H LOCTIME_TEXT           CODE
 2B546H 2B5E7H 000A2H TIME_TEXT              CODE
 2B5E8H 2B979H 00392H STRF_TEXT              CODE
 2B980H 2B9E1H 00062H CLOCK_TEXT             CODE
 2B9F0H 2BD10H 00321H IO_TEXT                CODE
 2BD12H 2BD97H 00086H SYSTEM_TEXT            CODE
 2BD98H 2BFC4H 0022DH C_TEXT                 CODE
 2BFC6H 2C001H 0003CH FPUTS_TEXT             CODE
 2C002H 2CAA5H 00AA4H FMT_TEXT               CODE
 2CAA6H 2CAF1H 0004CH FDIVP_TEXT             CODE
 2CB00H 2CB73H 00074H _8087_TEXT             CODE
 2CB80H 2CD4BH 001CCH WRITE_TEXT             CODE
 2CD4CH 2CD71H 00026H FLUSHALL_TEXT          CODE
 2CD72H 2CD82H 00011H _ISMBBLD_TEXT          CODE
 2CD84H 2CDC6H 00043H ISMBDIGI_TEXT          CODE
 2CDC8H 2CE0CH 00045H _ALLOCA_TEXT           CODE
 2CE10H 2CECEH 000BFH FREALLOC_TEXT          CODE
 2CED0H 2D109H 0023AH FMALLOC_TEXT           CODE
 2D10AH 2D2EFH 001E6H _FOPEN_TEXT            CODE
 2D2F0H 2D302H 00013H SETERRNO_TEXT          CODE
 2D304H 2D304H 00000H PERROR_TEXT            CODE
 2D304H 2D3A6H 000A3H GETCFINF_TEXT          CODE
 2D3A8H 2D3B5H 0000EH SETENVP_TEXT           CODE
 2D3C0H 2D532H 00173H READ_TEXT              CODE
 2D534H 2D534H 00000H FPSIG_TEXT             CODE
 2D540H 2D769H 0022AH INT_TEXT               CODE
 2D770H 2D774H 00005H MALLOC_TEXT            CODE
 2D776H 2D78FH 0001AH ISMBSPAC_TEXT          CODE
 2D790H 2D794H 00005H _ITOA_TEXT             CODE
 2D796H 2D796H 00000H CHARMAX_TEXT           CODE
 2D796H 2D8B7H 00122H FLTENV_TEXT            CODE
 2D8C0H 2D919H 0005AH DCLASS_TEXT            CODE
 2D920H 2DCE7H 003C8H MATH87_TEXT            CODE
 2DCE8H 2DDBDH 000D6H POLY_TEXT              CODE
 2DDBEH 2DEC1H 00104H TRIGERR_TEXT           CODE
 2DEC2H 2DEE8H 00027H MATHERR_TEXT           CODE
 2DEEAH 2DF55H 0006CH ARCERR_TEXT            CODE
 2DF56H 2E0F3H 0019EH SETMBCP_TEXT           CODE
 2E0F4H 2E4CCH 003D9H TIMESUP_TEXT           CODE
 2E4D0H 2E52CH 0005DH DOSDATE_TEXT           CODE
 2E52EH 2E52EH 00000H UMASK_TEXT             CODE
 2E52EH 2E567H 0003AH SETDOSER_TEXT          CODE
 2E568H 2E594H 0002DH SPAWNLPE_TEXT          CODE
 2E596H 2E596H 00000H STACK_TEXT             CODE
 2E596H 2E5A3H 0000EH INITMBCP_TEXT          CODE
 2E5A4H 2E69EH 000FBH BUILDENV_TEXT          CODE
 2E6A0H 2E6A0H 00000H OKBIGBUF_TEXT          CODE
 2E6A0H 2E702H 00063H SBRK_TEXT              CODE
 2E704H 2EA20H 0031DH FLOATCVT_TEXT          CODE
 2EA30H 2FA03H 00FD4H _TEXT                  CODE
 2FA10H 2FA1DH 0000EH STKOVFL_TEXT           CODE
 2FA20H 2FA54H 00035H CHKSTK_TEXT            CODE
 2FA60H 2FB72H 00113H PARALL_TEXT            CODE
 2FB74H 2FCEBH 00178H FAR_TEXT               CODE
 2FCECH 2FEF6H 0020BH PUTENV_TEXT            CODE
 2FF00H 2FF58H 00059H ITOA_TEXT              CODE
 2FF5AH 2FF5AH 00000H MBCPINFO_TEXT          CODE
 2FF60H 2FFC8H 00069H ATOL_TEXT              CODE
 2FFCAH 3079FH 007D6H SPAWN_TEXT             CODE
 307A0H 309A2H 00203H MBSNBICM_TEXT          CODE
 309B0H 30ADFH 00130H EXEC2_TEXT             CODE
 30AE0H 30B98H 000B9H MBSDEC_TEXT            CODE
 30B9AH 30B9AH 00000H FILEINFO_TEXT          CODE
 30B9AH 30BF3H 0005AH STRNICMP_TEXT          CODE
 30BF4H 30BF4H 00000H C_ETEXT                ENDCODE
 30C00H 30C63H 00064H NULL                   BEGDATA
 30C64H 35CABH 05048H _DATA                  DATA
 35CACH 35CACH 00000H XIFB                   DATA
 35CACH 35CC7H 0001CH XIF                    DATA
 35CC8H 35CC8H 00000H XIFE                   DATA
 35CC8H 35CC8H 00000H XCFB                   DATA
 35CC8H 35CC8H 00000H XCF                    DATA
 35CC8H 35CC8H 00000H XCFE                   DATA
 35CC8H 35CC8H 00000H XIFCB                  DATA
 35CC8H 35CC8H 00000H XIFU                   DATA
 35CC8H 35CC8H 00000H XIFL                   DATA
 35CC8H 35CC8H 00000H XIFM                   DATA
 35CC8H 35CC8H 00000H XIFCE                  DATA
 35CC8H 35CC8H 00000H CONST                  DATA
 35CC8H 35CC8H 00000H CONST                  CONST
 35CC8H 35D27H 00060H _BSS                   BSS
 35D28H 35D28H 00000H XOB                    BSS
 35D28H 35DABH 00084H XO                     BSS
 35DACH 35DACH 00000H XOE                    BSS
 35DB0H 35E15H 00066H c_common               BSS
 35E20H 35E9FH 00080H STACK                  STACK

 Origin   Group
 30C0:0   DGROUP

Program entry point at 2BD9:000E
